ruleset(
  name="ruleset_test_name"
) {
  action(
    type="omfwd"
    protocol="tcp"
    target="logserver1.my.domain"
    port="6514"
    TCP_Framing="traditional"
    ZipLevel="0"
    StreamDriverMode="1"
    StreamDriverAuthMode="x509/name"
    StreamDriverPermittedPeers="*.example.com"
    ResendLastMSGOnReconnect="on"
  )

  action(
    type="omfwd"
    protocol="tcp"
    target="1.2.3.4"
    port="6514"
# NOTE: This must exist for the last failover host so that we can queue logs to disk when needed.
    queue.filename="test_name_disk_queue_action"
    queue.dequeuebatchsize="16"
    queue.lowwatermark="2000"
    queue.discardmark="9750"
    queue.discardseverity="8"
    queue.syncqueuefiles="off"
    queue.type="LinkedList"
    queue.workerthreads="1"
    queue.timeoutshutdown="0"
    queue.timeoutactioncompletion="1000"
    queue.timeoutenqueue="2000"
    queue.timeoutworkerthreadshutdown="60000"
    queue.workerthreadminimummessages="100"
    queue.maxfilesize="1m"
    queue.saveonshutdown="on"
    queue.dequeueslowdown="0"
    TCP_Framing="traditional"
    ZipLevel="0"
    StreamDriverMode="1"
    StreamDriverAuthMode="x509/name"
    StreamDriverPermittedPeers="*.example.com"
    ResendLastMSGOnReconnect="on"
    action.resumeRetryCount="-1"
    action.execOnlyWhenPreviousIsSuspended="on"
  )
}

if (test_rule) then call ruleset_test_name
