$UMASK 0027
$EscapeControlCharactersOnReceive on
$ControlCharacterEscapePrefix #
$RepeatedMsgReduction on

global(
  preserveFQDN="on"
  dropMsgsWithMaliciousDnsPTRRecords="off"
  workDirectory="/var/spool/rsyslog"
  net.permitACLWarning="on"
  net.enableDNS="on"
)

global(localHostname="foo.example.com")

module(load="builtin:omfile" template="RSYSLOG_FileFormat")
module(load="builtin:omfwd" template="RSYSLOG_ForwardFormat")

module(load="imklog")

module(load="imuxsock"
  SysSock.IgnoreTimestamp="on"
  SysSock.IgnoreOwnMessages="on"
  SysSock.Use="on"
  SysSock.FlowControl="off"
  SysSock.UsePIDFromSystem="off"
  SysSock.RateLimit.Interval="0"
  SysSock.RateLimit.Burst="1000"
  SysSock.RateLimit.Severity="5"
  SysSock.UseSysTimeStamp="on"
  SysSock.Annotate="off"
  SysSock.ParseTrusted="off"
  SysSock.Unlink="on"
)

module(load="imjournal"
  StateFile="imjournal.state"
)

module(load="imfile")

main_queue(
  queue.type="LinkedList"
  queue.filename="main_msg_queue"
  queue.maxfilesize="5M"
  queue.size="100"
  queue.highwatermark="90"
  queue.lowwatermark="30"
  queue.discardmark="95"
  queue.workerthreadminimummessages="90"
  queue.workerthreads="5"
  queue.timeoutenqueue="100"
  queue.dequeueslowdown="0"
  queue.saveonshutdown="on"
  queue.maxdiskspace="200"
  queue.spoolDirectory="/my/rsyslog/queue/spool/directory"
  queue.checkpointinterval="10"
)
