ruleset(
  name="ruleset_test_name"
  queue.filename="test_name_disk_queue"
  queue.dequeuebatchsize="16"
  queue.lowwatermark="2000"
  queue.discardmark="9750"
  queue.discardseverity="8"
  queue.syncqueuefiles="off"
  queue.type="LinkedList"
  queue.workerthreads="1"
  queue.timeoutshutdown="0"
  queue.timeoutactioncompletion="1000"
  queue.timeoutenqueue="2000"
  queue.timeoutworkerthreadshutdown="60000"
  queue.workerthreadminimummessages="100"
  queue.maxfilesize="1m"
  queue.saveonshutdown="on"
  queue.dequeueslowdown="0"
) {
  action(
    type="omfwd"
    protocol="tcp"
    target="1.2.3.4"
    port="6514"
    TCP_Framing="traditional"
    ZipLevel="0"
    maxErrorMessages="5"
    compression.mode="none"
    compression.stream.flushOnTXEnd="on"
    StreamDriverMode="1"
    StreamDriverAuthMode="x509/name"
    StreamDriverPermittedPeers="*.example.com"
    ResendLastMSGOnReconnect="on"
  )
}

if (test_rule) then call ruleset_test_name
